// Jest Snapshot v1, https://goo.gl/fbAQLP

exports[`@repay/repay-scripts should build a React library 1`] = `"<div class=\\"AppWrapper\\">Rendered content</div>"`;
