// Jest Snapshot v1, https://goo.gl/fbAQLP

exports[`@repay/repay-scripts should build a React application 1`] = `"<div class=\\"app-root\\"><div class=\\"react-root\\">Testing Text</div></div>"`;
