// Jest Snapshot v1, https://goo.gl/fbAQLP

exports[`@repay/repay-scripts should build a web application 1`] = `"<div class=\\"app-root\\">This is the application root</div>"`;
