// Jest Snapshot v1, https://goo.gl/fbAQLP

exports[`@repay/repay-scripts should build a web application for local development 1`] = `"<div class=\\"app-root\\">This is the application root</div>"`;
